// Jest Snapshot v1, https://goo.gl/fbAQLP

exports[`App component should have a snapshot 1`] = `
Array [
  <h1>
    Hello World
  </h1>,
  <div
    className="bg-red"
  >
    hello this is real!
  </div>,
]
`;
