// Jest Snapshot v1, https://goo.gl/fbAQLP

exports[`Button Component should match snapshot including default props 1`] = `
<button
  className="event__sing-up btn"
  data-hover="Cancel"
  onClick={[Function]}
  type="button"
>
  test text
</button>
`;
