// Jest Snapshot v1, https://goo.gl/fbAQLP

exports[`Event Component should match snapshot 1`] = `
<div
  className="event"
  role="listitem"
>
  <div
    aria-level="3"
    className="event__time"
    role="heading"
  >
    19:00
  </div>
  <div
    className="event__info"
  >
    <div
      aria-level="4"
      className="event__title"
      role="heading"
    >
      testEvent
      <span
        className="event__title--free"
      />
    </div>
    <div
      className="event__info__city-name"
    >
      Mallorca - 1h
    </div>
  </div>
  <button
    className="event__sign-up btn"
    onClick={[Function]}
    type="button"
  >
    You're in
  </button>
</div>
`;
