// Jest Snapshot v1, https://goo.gl/fbAQLP

exports[`NotFound Component should match snapshot including default props 1`] = `
<div
  className="page-not-found marginTop"
>
  The page you requested is not found... :(
</div>
`;
